main.c:84:13:MotorInit	4	static
main.c:96:6:checkIfMovementAllowed	32	static
main.c:101:6:HAL_TIM_PeriodElapsedCallback	16	static
main.c:115:6:HAL_SPI_RxCpltCallback	16	static
main.c:140:5:main	8	static
main.c:205:6:SystemClock_Config	88	static
main.c:249:13:MX_ADC1_Init	24	static
main.c:299:13:MX_CAN2_Init	8	static
main.c:336:13:MX_SPI1_Init	8	static
main.c:374:13:MX_TIM1_Init	96	static
main.c:449:13:MX_TIM3_Init	32	static
main.c:494:13:MX_TIM10_Init	8	static
main.c:525:13:MX_GPIO_Init	48	static
main.c:571:6:Error_Handler	4	static,ignoring_inline_asm
