Archive member included to satisfy reference by file (symbol)

d:/st/stm32cubeide_1.3.0/stm32cubeide/plugins/com.st.stm32cube.ide.mcu.externaltools.gnu-tools-for-stm32.7-2018-q2-update.win32_1.5.0.202011040924/tools/bin/../lib/gcc/arm-none-eabi/7.3.1/../../../../arm-none-eabi/lib/thumb/v7e-m/fpv4-sp/hard\libc_nano.a(lib_a-errno.o)
                              Core/Src/syscalls.o (__errno)
d:/st/stm32cubeide_1.3.0/stm32cubeide/plugins/com.st.stm32cube.ide.mcu.externaltools.gnu-tools-for-stm32.7-2018-q2-update.win32_1.5.0.202011040924/tools/bin/../lib/gcc/arm-none-eabi/7.3.1/../../../../arm-none-eabi/lib/thumb/v7e-m/fpv4-sp/hard\libc_nano.a(lib_a-exit.o)
                              d:/st/stm32cubeide_1.3.0/stm32cubeide/plugins/com.st.stm32cube.ide.mcu.externaltools.gnu-tools-for-stm32.7-2018-q2-update.win32_1.5.0.202011040924/tools/bin/../lib/gcc/arm-none-eabi/7.3.1/../../../../arm-none-eabi/lib/thumb/v7e-m/fpv4-sp/hard/crt0.o (exit)
d:/st/stm32cubeide_1.3.0/stm32cubeide/plugins/com.st.stm32cube.ide.mcu.externaltools.gnu-tools-for-stm32.7-2018-q2-update.win32_1.5.0.202011040924/tools/bin/../lib/gcc/arm-none-eabi/7.3.1/../../../../arm-none-eabi/lib/thumb/v7e-m/fpv4-sp/hard\libc_nano.a(lib_a-impure.o)
                              d:/st/stm32cubeide_1.3.0/stm32cubeide/plugins/com.st.stm32cube.ide.mcu.externaltools.gnu-tools-for-stm32.7-2018-q2-update.win32_1.5.0.202011040924/tools/bin/../lib/gcc/arm-none-eabi/7.3.1/../../../../arm-none-eabi/lib/thumb/v7e-m/fpv4-sp/hard\libc_nano.a(lib_a-exit.o) (_global_impure_ptr)
d:/st/stm32cubeide_1.3.0/stm32cubeide/plugins/com.st.stm32cube.ide.mcu.externaltools.gnu-tools-for-stm32.7-2018-q2-update.win32_1.5.0.202011040924/tools/bin/../lib/gcc/arm-none-eabi/7.3.1/../../../../arm-none-eabi/lib/thumb/v7e-m/fpv4-sp/hard\libc_nano.a(lib_a-init.o)
                              d:/st/stm32cubeide_1.3.0/stm32cubeide/plugins/com.st.stm32cube.ide.mcu.externaltools.gnu-tools-for-stm32.7-2018-q2-update.win32_1.5.0.202011040924/tools/bin/../lib/gcc/arm-none-eabi/7.3.1/../../../../arm-none-eabi/lib/thumb/v7e-m/fpv4-sp/hard/crt0.o (__libc_init_array)
d:/st/stm32cubeide_1.3.0/stm32cubeide/plugins/com.st.stm32cube.ide.mcu.externaltools.gnu-tools-for-stm32.7-2018-q2-update.win32_1.5.0.202011040924/tools/bin/../lib/gcc/arm-none-eabi/7.3.1/../../../../arm-none-eabi/lib/thumb/v7e-m/fpv4-sp/hard\libc_nano.a(lib_a-memset.o)
                              d:/st/stm32cubeide_1.3.0/stm32cubeide/plugins/com.st.stm32cube.ide.mcu.externaltools.gnu-tools-for-stm32.7-2018-q2-update.win32_1.5.0.202011040924/tools/bin/../lib/gcc/arm-none-eabi/7.3.1/../../../../arm-none-eabi/lib/thumb/v7e-m/fpv4-sp/hard/crt0.o (memset)
d:/st/stm32cubeide_1.3.0/stm32cubeide/plugins/com.st.stm32cube.ide.mcu.externaltools.gnu-tools-for-stm32.7-2018-q2-update.win32_1.5.0.202011040924/tools/bin/../lib/gcc/arm-none-eabi/7.3.1/thumb/v7e-m/fpv4-sp/hard\libgcc.a(_aeabi_uldivmod.o)
                              Drivers/STM32F4xx_HAL_Driver/Src/stm32f4xx_hal_rcc.o (__aeabi_uldivmod)
d:/st/stm32cubeide_1.3.0/stm32cubeide/plugins/com.st.stm32cube.ide.mcu.externaltools.gnu-tools-for-stm32.7-2018-q2-update.win32_1.5.0.202011040924/tools/bin/../lib/gcc/arm-none-eabi/7.3.1/thumb/v7e-m/fpv4-sp/hard\libgcc.a(_udivmoddi4.o)
                              d:/st/stm32cubeide_1.3.0/stm32cubeide/plugins/com.st.stm32cube.ide.mcu.externaltools.gnu-tools-for-stm32.7-2018-q2-update.win32_1.5.0.202011040924/tools/bin/../lib/gcc/arm-none-eabi/7.3.1/thumb/v7e-m/fpv4-sp/hard\libgcc.a(_aeabi_uldivmod.o) (__udivmoddi4)
d:/st/stm32cubeide_1.3.0/stm32cubeide/plugins/com.st.stm32cube.ide.mcu.externaltools.gnu-tools-for-stm32.7-2018-q2-update.win32_1.5.0.202011040924/tools/bin/../lib/gcc/arm-none-eabi/7.3.1/thumb/v7e-m/fpv4-sp/hard\libgcc.a(_dvmd_tls.o)
                              d:/st/stm32cubeide_1.3.0/stm32cubeide/plugins/com.st.stm32cube.ide.mcu.externaltools.gnu-tools-for-stm32.7-2018-q2-update.win32_1.5.0.202011040924/tools/bin/../lib/gcc/arm-none-eabi/7.3.1/thumb/v7e-m/fpv4-sp/hard\libgcc.a(_aeabi_uldivmod.o) (__aeabi_ldiv0)

Allocating common symbols
Common symbol       size              file

currentRawPos       0x2               Core/Src/encoder.o
lastRawPos          0x2               Core/Src/encoder.o
sdata               0x3               Core/Src/encoder.o
htim10              0x40              Core/Src/main.o
mot1                0x10              Core/Src/main.o
uwTick              0x4               Drivers/STM32F4xx_HAL_Driver/Src/stm32f4xx_hal.o
pFlash              0x20              Drivers/STM32F4xx_HAL_Driver/Src/stm32f4xx_hal_flash.o
htim3               0x40              Core/Src/main.o
hadc1               0x48              Core/Src/main.o
hcan2               0x28              Core/Src/main.o
htim1               0x40              Core/Src/main.o
hspi1               0x58              Core/Src/main.o
indexSum            0x4               Core/Src/encoder.o
[...]
Memory Configuration

Name             Origin             Length             Attributes
CCMRAM           0x0000000010000000 0x0000000000010000 xrw
RAM              0x0000000020000000 0x0000000000020000 xrw
FLASH            0x0000000008000000 0x0000000000100000 xr
*default*        0x0000000000000000 0xffffffffffffffff

Linker script and memory map

LOAD d:/st/stm32cubeide_1.3.0/stm32cubeide/plugins/com.st.stm32cube.ide.mcu.externaltools.gnu-tools-for-stm32.7-2018-q2-update.win32_1.5.0.202011040924/tools/bin/../lib/gcc/arm-none-eabi/7.3.1/thumb/v7e-m/fpv4-sp/hard/crti.o
LOAD d:/st/stm32cubeide_1.3.0/stm32cubeide/plugins/com.st.stm32cube.ide.mcu.externaltools.gnu-tools-for-stm32.7-2018-q2-update.win32_1.5.0.202011040924/tools/bin/../lib/gcc/arm-none-eabi/7.3.1/thumb/v7e-m/fpv4-sp/hard/crtbegin.o
LOAD d:/st/stm32cubeide_1.3.0/stm32cubeide/plugins/com.st.stm32cube.ide.mcu.externaltools.gnu-tools-for-stm32.7-2018-q2-update.win32_1.5.0.202011040924/tools/bin/../lib/gcc/arm-none-eabi/7.3.1/../../../../arm-none-eabi/lib/thumb/v7e-m/fpv4-sp/hard/crt0.o
LOAD Core/Src/encoder.o
LOAD Core/Src/iirFilter.o
LOAD Core/Src/main.o
LOAD Core/Src/motor.o
LOAD Core/Src/pid.o
LOAD Core/Src/stm32f4xx_hal_msp.o
LOAD Core/Src/stm32f4xx_it.o
LOAD Core/Src/syscalls.o
LOAD Core/Src/sysmem.o
LOAD Core/Src/system_stm32f4xx.o
LOAD Core/Startup/startup_stm32f405rgtx.o
LOAD Drivers/STM32F4xx_HAL_Driver/Src/stm32f4xx_hal.o
LOAD Drivers/STM32F4xx_HAL_Driver/Src/stm32f4xx_hal_adc.o
LOAD Drivers/STM32F4xx_HAL_Driver/Src/stm32f4xx_hal_adc_ex.o
LOAD Drivers/STM32F4xx_HAL_Driver/Src/stm32f4xx_hal_can.o
LOAD Drivers/STM32F4xx_HAL_Driver/Src/stm32f4xx_hal_cortex.o
LOAD Drivers/STM32F4xx_HAL_Driver/Src/stm32f4xx_hal_dma.o
LOAD Drivers/STM32F4xx_HAL_Driver/Src/stm32f4xx_hal_dma_ex.o
LOAD Drivers/STM32F4xx_HAL_Driver/Src/stm32f4xx_hal_exti.o
LOAD Drivers/STM32F4xx_HAL_Driver/Src/stm32f4xx_hal_flash.o
LOAD Drivers/STM32F4xx_HAL_Driver/Src/stm32f4xx_hal_flash_ex.o
LOAD Drivers/STM32F4xx_HAL_Driver/Src/stm32f4xx_hal_flash_ramfunc.o
LOAD Drivers/STM32F4xx_HAL_Driver/Src/stm32f4xx_hal_gpio.o
LOAD Drivers/STM32F4xx_HAL_Driver/Src/stm32f4xx_hal_pwr.o
LOAD Drivers/STM32F4xx_HAL_Driver/Src/stm32f4xx_hal_pwr_ex.o
LOAD Drivers/STM32F4xx_HAL_Driver/Src/stm32f4xx_hal_rcc.o
LOAD Drivers/STM32F4xx_HAL_Driver/Src/stm32f4xx_hal_rcc_ex.o
LOAD Drivers/STM32F4xx_HAL_Driver/Src/stm32f4xx_hal_spi.o
LOAD Drivers/STM32F4xx_HAL_Driver/Src/stm32f4xx_hal_tim.o
LOAD Drivers/STM32F4xx_HAL_Driver/Src/stm32f4xx_hal_tim_ex.o
START GROUP
LOAD d:/st/stm32cubeide_1.3.0/stm32cubeide/plugins/com.st.stm32cube.ide.mcu.externaltools.gnu-tools-for-stm32.7-2018-q2-update.win32_1.5.0.202011040924/tools/bin/../lib/gcc/arm-none-eabi/7.3.1/../../../../arm-none-eabi/lib/thumb/v7e-m/fpv4-sp/hard\libc_nano.a
LOAD d:/st/stm32cubeide_1.3.0/stm32cubeide/plugins/com.st.stm32cube.ide.mcu.externaltools.gnu-tools-for-stm32.7-2018-q2-update.win32_1.5.0.202011040924/tools/bin/../lib/gcc/arm-none-eabi/7.3.1/../../../../arm-none-eabi/lib/thumb/v7e-m/fpv4-sp/hard\libm.a
END GROUP
START GROUP
LOAD d:/st/stm32cubeide_1.3.0/stm32cubeide/plugins/com.st.stm32cube.ide.mcu.externaltools.gnu-tools-for-stm32.7-2018-q2-update.win32_1.5.0.202011040924/tools/bin/../lib/gcc/arm-none-eabi/7.3.1/thumb/v7e-m/fpv4-sp/hard\libgcc.a
LOAD d:/st/stm32cubeide_1.3.0/stm32cubeide/plugins/com.st.stm32cube.ide.mcu.externaltools.gnu-tools-for-stm32.7-2018-q2-update.win32_1.5.0.202011040924/tools/bin/../lib/gcc/arm-none-eabi/7.3.1/../../../../arm-none-eabi/lib/thumb/v7e-m/fpv4-sp/hard\libc_nano.a
END GROUP
START GROUP
LOAD d:/st/stm32cubeide_1.3.0/stm32cubeide/plugins/com.st.stm32cube.ide.mcu.externaltools.gnu-tools-for-stm32.7-2018-q2-update.win32_1.5.0.202011040924/tools/bin/../lib/gcc/arm-none-eabi/7.3.1/thumb/v7e-m/fpv4-sp/hard\libgcc.a
LOAD d:/st/stm32cubeide_1.3.0/stm32cubeide/plugins/com.st.stm32cube.ide.mcu.externaltools.gnu-tools-for-stm32.7-2018-q2-update.win32_1.5.0.202011040924/tools/bin/../lib/gcc/arm-none-eabi/7.3.1/../../../../arm-none-eabi/lib/thumb/v7e-m/fpv4-sp/hard\libc_nano.a
LOAD d:/st/stm32cubeide_1.3.0/stm32cubeide/plugins/com.st.stm32cube.ide.mcu.externaltools.gnu-tools-for-stm32.7-2018-q2-update.win32_1.5.0.202011040924/tools/bin/../lib/gcc/arm-none-eabi/7.3.1/../../../../arm-none-eabi/lib/thumb/v7e-m/fpv4-sp/hard\libnosys.a
END GROUP
START GROUP
LOAD d:/st/stm32cubeide_1.3.0/stm32cubeide/plugins/com.st.stm32cube.ide.mcu.externaltools.gnu-tools-for-stm32.7-2018-q2-update.win32_1.5.0.202011040924/tools/bin/../lib/gcc/arm-none-eabi/7.3.1/thumb/v7e-m/fpv4-sp/hard\libgcc.a
LOAD d:/st/stm32cubeide_1.3.0/stm32cubeide/plugins/com.st.stm32cube.ide.mcu.externaltools.gnu-tools-for-stm32.7-2018-q2-update.win32_1.5.0.202011040924/tools/bin/../lib/gcc/arm-none-eabi/7.3.1/../../../../arm-none-eabi/lib/thumb/v7e-m/fpv4-sp/hard\libc_nano.a
LOAD d:/st/stm32cubeide_1.3.0/stm32cubeide/plugins/com.st.stm32cube.ide.mcu.externaltools.gnu-tools-for-stm32.7-2018-q2-update.win32_1.5.0.202011040924/tools/bin/../lib/gcc/arm-none-eabi/7.3.1/../../../../arm-none-eabi/lib/thumb/v7e-m/fpv4-sp/hard\libnosys.a
END GROUP
LOAD d:/st/stm32cubeide_1.3.0/stm32cubeide/plugins/com.st.stm32cube.ide.mcu.externaltools.gnu-tools-for-stm32.7-2018-q2-update.win32_1.5.0.202011040924/tools/bin/../lib/gcc/arm-none-eabi/7.3.1/thumb/v7e-m/fpv4-sp/hard/crtend.o
LOAD d:/st/stm32cubeide_1.3.0/stm32cubeide/plugins/com.st.stm32cube.ide.mcu.externaltools.gnu-tools-for-stm32.7-2018-q2-update.win32_1.5.0.202011040924/tools/bin/../lib/gcc/arm-none-eabi/7.3.1/thumb/v7e-m/fpv4-sp/hard/crtn.o
                0x0000000020020000                _estack = (ORIGIN (RAM) + LENGTH (RAM))
                0x0000000000000200                _Min_Heap_Size = 0x200
                0x0000000000000400                _Min_Stack_Size = 0x400

.isr_vector     0x0000000008000000      0x188
                0x0000000008000000                . = ALIGN (0x4)
 *(.isr_vector)
 .isr_vector    0x0000000008000000      0x188 Core/Startup/startup_stm32f405rgtx.o
                0x0000000008000000                g_pfnVectors
                0x0000000008000188                . = ALIGN (0x4)

.text           0x0000000008000188     0x4678
                0x0000000008000188                . = ALIGN (0x4)
 *(.text)
 .text          0x0000000008000188       0x40 d:/st/stm32cubeide_1.3.0/stm32cubeide/plugins/com.st.stm32cube.ide.mcu.externaltools.gnu-tools-for-stm32.7-2018-q2-update.win32_1.5.0.202011040924/tools/bin/../lib/gcc/arm-none-eabi/7.3.1/thumb/v7e-m/fpv4-sp/hard/crtbegin.o
 .text          0x00000000080001c8       0x30 d:/st/stm32cubeide_1.3.0/stm32cubeide/plugins/com.st.stm32cube.ide.mcu.externaltools.gnu-tools-for-stm32.7-2018-q2-update.win32_1.5.0.202011040924/tools/bin/../lib/gcc/arm-none-eabi/7.3.1/thumb/v7e-m/fpv4-sp/hard\libgcc.a(_aeabi_uldivmod.o)
                0x00000000080001c8                __aeabi_uldivmod
 .text          0x00000000080001f8      0x2cc d:/st/stm32cubeide_1.3.0/stm32cubeide/plugins/com.st.stm32cube.ide.mcu.externaltools.gnu-tools-for-stm32.7-2018-q2-update.win32_1.5.0.202011040924/tools/bin/../lib/gcc/arm-none-eabi/7.3.1/thumb/v7e-m/fpv4-sp/hard\libgcc.a(_udivmoddi4.o)
                0x00000000080001f8                __udivmoddi4
 .text          0x00000000080004c4        0x4 d:/st/stm32cubeide_1.3.0/stm32cubeide/plugins/com.st.stm32cube.ide.mcu.externaltools.gnu-tools-for-stm32.7-2018-q2-update.win32_1.5.0.202011040924/tools/bin/../lib/gcc/arm-none-eabi/7.3.1/thumb/v7e-m/fpv4-sp/hard\libgcc.a(_dvmd_tls.o)
                0x00000000080004c4                __aeabi_idiv0
                0x00000000080004c4                __aeabi_ldiv0
 *(.text*)
 .text.SPIGetPos
                0x00000000080004c8       0x64 Core/Src/encoder.o
 .text.InitSPIRec
                0x000000000800052c       0x34 Core/Src/encoder.o
                0x000000000800052c                InitSPIRec
 .text.rawPosToRawAngle
                0x0000000008000560       0x38 Core/Src/encoder.o
                0x0000000008000560                rawPosToRawAngle
 .text.rolloverOut
                0x0000000008000598       0x2e Core/Src/encoder.o
                0x0000000008000598                rolloverOut
 .text.halfRange
                0x00000000080005c6       0x12 Core/Src/encoder.o
                0x00000000080005c6                halfRange
 .text.getChange
                0x00000000080005d8       0xc4 Core/Src/encoder.o
                0x00000000080005d8                getChange
 .text.getAngle
                0x000000000800069c       0x88 Core/Src/encoder.o
                0x000000000800069c                getAngle
 .text.IIR      0x0000000008000724       0x88 Core/Src/iirFilter.o
                0x0000000008000724                IIR
 .text.MotorInit
                0x00000000080007ac       0x2c Core/Src/main.o
 .text.checkIfMovementAllowed
                0x00000000080007d8       0x58 Core/Src/main.o
                0x00000000080007d8                checkIfMovementAllowed
 .text.HAL_TIM_PeriodElapsedCallback
                0x0000000008000830       0x34 Core/Src/main.o
                0x0000000008000830                HAL_TIM_PeriodElapsedCallback
 .text.HAL_SPI_RxCpltCallback
                0x0000000008000864       0xcc Core/Src/main.o
                0x0000000008000864                HAL_SPI_RxCpltCallback
 .text.main     0x0000000008000930       0x98 Core/Src/main.o
                0x0000000008000930                main
 .text.SystemClock_Config
                0x00000000080009c8       0xd4 Core/Src/main.o
                0x00000000080009c8                SystemClock_Config
 .text.MX_ADC1_Init
                0x0000000008000a9c       0xa4 Core/Src/main.o
 .text.MX_CAN2_Init
                0x0000000008000b40       0x6c Core/Src/main.o
 .text.MX_SPI1_Init
                0x0000000008000bac       0x70 Core/Src/main.o
 .text.MX_TIM1_Init
                0x0000000008000c1c      0x140 Core/Src/main.o
 .text.MX_TIM3_Init
                0x0000000008000d5c       0x9c Core/Src/main.o
 .text.MX_TIM10_Init
                0x0000000008000df8       0x48 Core/Src/main.o
 .text.MX_GPIO_Init
                0x0000000008000e40      0x108 Core/Src/main.o
 .text.Error_Handler
                0x0000000008000f48        0x8 Core/Src/main.o
                0x0000000008000f48                Error_Handler
 .text.start_pwm
                0x0000000008000f50       0x30 Core/Src/motor.o
                0x0000000008000f50                start_pwm
 .text.map      0x0000000008000f80       0x58 Core/Src/motor.o
 .text.set_speed
                0x0000000008000fd8       0xf4 Core/Src/motor.o
                0x0000000008000fd8                set_speed
 .text.init_pid
                0x00000000080010cc       0x80 Core/Src/pid.o
                0x00000000080010cc                init_pid
 .text.PID      0x000000000800114c      0x234 Core/Src/pid.o
                0x000000000800114c                PID
 .text.HAL_MspInit
                0x0000000008001380       0x50 Core/Src/stm32f4xx_hal_msp.o
                0x0000000008001380                HAL_MspInit
 .text.HAL_ADC_MspInit
                0x00000000080013d0       0x88 Core/Src/stm32f4xx_hal_msp.o
                0x00000000080013d0                HAL_ADC_MspInit
 .text.HAL_CAN_MspInit
                0x0000000008001458       0xac Core/Src/stm32f4xx_hal_msp.o
                0x0000000008001458                HAL_CAN_MspInit
 .text.HAL_SPI_MspInit
                0x0000000008001504       0xa0 Core/Src/stm32f4xx_hal_msp.o
                0x0000000008001504                HAL_SPI_MspInit
 .text.HAL_TIM_Base_MspInit
                0x00000000080015a4       0xc8 Core/Src/stm32f4xx_hal_msp.o
                0x00000000080015a4                HAL_TIM_Base_MspInit
 .text.HAL_TIM_MspPostInit
                0x000000000800166c       0x74 Core/Src/stm32f4xx_hal_msp.o
                0x000000000800166c                HAL_TIM_MspPostInit
 .text.NMI_Handler
                0x00000000080016e0        0x6 Core/Src/stm32f4xx_it.o
                0x00000000080016e0                NMI_Handler
 .text.HardFault_Handler
                0x00000000080016e6        0x6 Core/Src/stm32f4xx_it.o
                0x00000000080016e6                HardFault_Handler
 .text.MemManage_Handler
                0x00000000080016ec        0x6 Core/Src/stm32f4xx_it.o
                0x00000000080016ec                MemManage_Handler
 .text.BusFault_Handler
                0x00000000080016f2        0x6 Core/Src/stm32f4xx_it.o
                0x00000000080016f2                BusFault_Handler
 .text.UsageFault_Handler
                0x00000000080016f8        0x6 Core/Src/stm32f4xx_it.o
                0x00000000080016f8                UsageFault_Handler
 .text.SVC_Handler
                0x00000000080016fe        0xe Core/Src/stm32f4xx_it.o
                0x00000000080016fe                SVC_Handler
 .text.DebugMon_Handler
                0x000000000800170c        0xe Core/Src/stm32f4xx_it.o
                0x000000000800170c                DebugMon_Handler
 .text.PendSV_Handler
                0x000000000800171a        0xe Core/Src/stm32f4xx_it.o
                0x000000000800171a                PendSV_Handler
 .text.SysTick_Handler
                0x0000000008001728        0xc Core/Src/stm32f4xx_it.o
                0x0000000008001728                SysTick_Handler
 .text.TIM1_UP_TIM10_IRQHandler
                0x0000000008001734       0x1c Core/Src/stm32f4xx_it.o
                0x0000000008001734                TIM1_UP_TIM10_IRQHandler
 .text.TIM3_IRQHandler
                0x0000000008001750       0x14 Core/Src/stm32f4xx_it.o
                0x0000000008001750                TIM3_IRQHandler
 .text.SPI1_IRQHandler
                0x0000000008001764       0x14 Core/Src/stm32f4xx_it.o
                0x0000000008001764                SPI1_IRQHandler
 .text.SystemInit
                0x0000000008001778       0x2c Core/Src/system_stm32f4xx.o
                0x0000000008001778                SystemInit
 .text.Reset_Handler
                0x00000000080017a4       0x50 Core/Startup/startup_stm32f405rgtx.o
                0x00000000080017a4                Reset_Handler
 .text.Default_Handler
                0x00000000080017f4        0x2 Core/Startup/startup_stm32f405rgtx.o
                0x00000000080017f4                RTC_Alarm_IRQHandler
                0x00000000080017f4                HASH_RNG_IRQHandler
                0x00000000080017f4                EXTI2_IRQHandler
                0x00000000080017f4                TIM8_CC_IRQHandler
                0x00000000080017f4                TIM1_CC_IRQHandler
                0x00000000080017f4                DMA2_Stream5_IRQHandler
                0x00000000080017f4                DMA1_Stream5_IRQHandler
                0x00000000080017f4                PVD_IRQHandler
                0x00000000080017f4                SDIO_IRQHandler
                0x00000000080017f4                TAMP_STAMP_IRQHandler
                0x00000000080017f4                CAN2_RX1_IRQHandler
                0x00000000080017f4                EXTI3_IRQHandler
                0x00000000080017f4                TIM8_TRG_COM_TIM14_IRQHandler
                0x00000000080017f4                TIM8_UP_TIM13_IRQHandler
                0x00000000080017f4                I2C3_ER_IRQHandler
                0x00000000080017f4                EXTI0_IRQHandler
                0x00000000080017f4                I2C2_EV_IRQHandler
                0x00000000080017f4                DMA1_Stream2_IRQHandler
                0x00000000080017f4                CAN1_RX0_IRQHandler
                0x00000000080017f4                FPU_IRQHandler
                0x00000000080017f4                OTG_HS_WKUP_IRQHandler
                0x00000000080017f4                CAN2_SCE_IRQHandler
                0x00000000080017f4                DMA2_Stream2_IRQHandler
                0x00000000080017f4                TIM6_DAC_IRQHandler
                0x00000000080017f4                TIM1_BRK_TIM9_IRQHandler
                0x00000000080017f4                CAN2_RX0_IRQHandler
                0x00000000080017f4                DMA2_Stream3_IRQHandler
                0x00000000080017f4                USART6_IRQHandler
                0x00000000080017f4                USART3_IRQHandler
                0x00000000080017f4                CAN1_RX1_IRQHandler
                0x00000000080017f4                UART5_IRQHandler
                0x00000000080017f4                DMA2_Stream0_IRQHandler
                0x00000000080017f4                TIM4_IRQHandler
                0x00000000080017f4                I2C1_EV_IRQHandler
                0x00000000080017f4                DMA1_Stream6_IRQHandler
                0x00000000080017f4                DMA1_Stream1_IRQHandler
                0x00000000080017f4                UART4_IRQHandler
                0x00000000080017f4                RCC_IRQHandler
                0x00000000080017f4                TIM8_BRK_TIM12_IRQHandler
                0x00000000080017f4                Default_Handler
                0x00000000080017f4                EXTI15_10_IRQHandler
                0x00000000080017f4                ADC_IRQHandler
                0x00000000080017f4                DMA1_Stream7_IRQHandler
                0x00000000080017f4                TIM7_IRQHandler
                0x00000000080017f4                CAN2_TX_IRQHandler
                0x00000000080017f4                TIM5_IRQHandler
                0x00000000080017f4                DMA2_Stream7_IRQHandler
                0x00000000080017f4                I2C3_EV_IRQHandler
                0x00000000080017f4                EXTI9_5_IRQHandler
                0x00000000080017f4                RTC_WKUP_IRQHandler
                0x00000000080017f4                SPI2_IRQHandler
                0x00000000080017f4                OTG_HS_EP1_IN_IRQHandler
                0x00000000080017f4                DMA1_Stream0_IRQHandler
                0x00000000080017f4                CAN1_TX_IRQHandler
                0x00000000080017f4                EXTI4_IRQHandler
                0x00000000080017f4                FSMC_IRQHandler
                0x00000000080017f4                OTG_HS_EP1_OUT_IRQHandler
                0x00000000080017f4                WWDG_IRQHandler
                0x00000000080017f4                TIM2_IRQHandler
                0x00000000080017f4                OTG_FS_WKUP_IRQHandler
                0x00000000080017f4                TIM1_TRG_COM_TIM11_IRQHandler
                0x00000000080017f4                OTG_HS_IRQHandler
                0x00000000080017f4                EXTI1_IRQHandler
                0x00000000080017f4                USART2_IRQHandler
                0x00000000080017f4                I2C2_ER_IRQHandler
                0x00000000080017f4                DMA2_Stream1_IRQHandler
                0x00000000080017f4                CAN1_SCE_IRQHandler
                0x00000000080017f4                FLASH_IRQHandler
                0x00000000080017f4                DMA2_Stream4_IRQHandler
                0x00000000080017f4                USART1_IRQHandler
                0x00000000080017f4                OTG_FS_IRQHandler
                0x00000000080017f4                SPI3_IRQHandler
                0x00000000080017f4                DMA1_Stream4_IRQHandler
                0x00000000080017f4                I2C1_ER_IRQHandler
                0x00000000080017f4                DMA2_Stream6_IRQHandler
                0x00000000080017f4                DMA1_Stream3_IRQHandler
 *fill*         0x00000000080017f6        0x2 
 .text.HAL_Init
                0x00000000080017f8       0x44 Drivers/STM32F4xx_HAL_Driver/Src/stm32f4xx_hal.o
                0x00000000080017f8                HAL_Init
 .text.HAL_InitTick
                0x000000000800183c       0x60 Drivers/STM32F4xx_HAL_Driver/Src/stm32f4xx_hal.o
                0x000000000800183c                HAL_InitTick
 .text.HAL_IncTick
                0x000000000800189c       0x28 Drivers/STM32F4xx_HAL_Driver/Src/stm32f4xx_hal.o
                0x000000000800189c                HAL_IncTick
 .text.HAL_GetTick
                0x00000000080018c4       0x18 Drivers/STM32F4xx_HAL_Driver/Src/stm32f4xx_hal.o
                0x00000000080018c4                HAL_GetTick
 .text.HAL_ADC_Init
                0x00000000080018dc       0x86 Drivers/STM32F4xx_HAL_Driver/Src/stm32f4xx_hal_adc.o
                0x00000000080018dc                HAL_ADC_Init
 *fill*         0x0000000008001962        0x2 
 .text.HAL_ADC_ConfigChannel
                0x0000000008001964      0x244 Drivers/STM32F4xx_HAL_Driver/Src/stm32f4xx_hal_adc.o
                0x0000000008001964                HAL_ADC_ConfigChannel
 .text.ADC_Init
                0x0000000008001ba8      0x1f8 Drivers/STM32F4xx_HAL_Driver/Src/stm32f4xx_hal_adc.o
 .text.HAL_CAN_Init
                0x0000000008001da0      0x1f6 Drivers/STM32F4xx_HAL_Driver/Src/stm32f4xx_hal_can.o
                0x0000000008001da0                HAL_CAN_Init
 *fill*         0x0000000008001f96        0x2 
 .text.__NVIC_SetPriorityGrouping
                0x0000000008001f98       0x48 Drivers/STM32F4xx_HAL_Driver/Src/stm32f4xx_hal_cortex.o
 .text.__NVIC_GetPriorityGrouping
                0x0000000008001fe0       0x1c Drivers/STM32F4xx_HAL_Driver/Src/stm32f4xx_hal_cortex.o
 .text.__NVIC_EnableIRQ
                0x0000000008001ffc       0x3c Drivers/STM32F4xx_HAL_Driver/Src/stm32f4xx_hal_cortex.o
 .text.__NVIC_SetPriority
                0x0000000008002038       0x54 Drivers/STM32F4xx_HAL_Driver/Src/stm32f4xx_hal_cortex.o
 .text.NVIC_EncodePriority
                0x000000000800208c       0x66 Drivers/STM32F4xx_HAL_Driver/Src/stm32f4xx_hal_cortex.o
 *fill*         0x00000000080020f2        0x2 
 .text.SysTick_Config
                0x00000000080020f4       0x44 Drivers/STM32F4xx_HAL_Driver/Src/stm32f4xx_hal_cortex.o
 .text.HAL_NVIC_SetPriorityGrouping
                0x0000000008002138       0x16 Drivers/STM32F4xx_HAL_Driver/Src/stm32f4xx_hal_cortex.o
                0x0000000008002138                HAL_NVIC_SetPriorityGrouping
 .text.HAL_NVIC_SetPriority
                0x000000000800214e       0x38 Drivers/STM32F4xx_HAL_Driver/Src/stm32f4xx_hal_cortex.o
                0x000000000800214e                HAL_NVIC_SetPriority
 .text.HAL_NVIC_EnableIRQ
                0x0000000008002186       0x1c Drivers/STM32F4xx_HAL_Driver/Src/stm32f4xx_hal_cortex.o
                0x0000000008002186                HAL_NVIC_EnableIRQ
 .text.HAL_SYSTICK_Config
                0x00000000080021a2       0x18 Drivers/STM32F4xx_HAL_Driver/Src/stm32f4xx_hal_cortex.o
                0x00000000080021a2                HAL_SYSTICK_Config
 .text.HAL_DMA_Abort_IT
                0x00000000080021ba       0x44 Drivers/STM32F4xx_HAL_Driver/Src/stm32f4xx_hal_dma.o
                0x00000000080021ba                HAL_DMA_Abort_IT
 *fill*         0x00000000080021fe        0x2 
 .text.HAL_GPIO_Init
                0x0000000008002200      0x334 Drivers/STM32F4xx_HAL_Driver/Src/stm32f4xx_hal_gpio.o
                0x0000000008002200                HAL_GPIO_Init
 .text.HAL_GPIO_WritePin
                0x0000000008002534       0x32 Drivers/STM32F4xx_HAL_Driver/Src/stm32f4xx_hal_gpio.o
                0x0000000008002534                HAL_GPIO_WritePin
 *fill*         0x0000000008002566        0x2 
 .text.HAL_RCC_OscConfig
                0x0000000008002568      0x4e0 Drivers/STM32F4xx_HAL_Driver/Src/stm32f4xx_hal_rcc.o
                0x0000000008002568                HAL_RCC_OscConfig
 .text.HAL_RCC_ClockConfig
                0x0000000008002a48      0x1cc Drivers/STM32F4xx_HAL_Driver/Src/stm32f4xx_hal_rcc.o
                0x0000000008002a48                HAL_RCC_ClockConfig
 .text.HAL_RCC_GetSysClockFreq
                0x0000000008002c14      0x1b0 Drivers/STM32F4xx_HAL_Driver/Src/stm32f4xx_hal_rcc.o
                0x0000000008002c14                HAL_RCC_GetSysClockFreq
 .text.HAL_SPI_Init
                0x0000000008002dc4       0xc8 Drivers/STM32F4xx_HAL_Driver/Src/stm32f4xx_hal_spi.o
                0x0000000008002dc4                HAL_SPI_Init
 .text.HAL_SPI_Receive_IT
                0x0000000008002e8c      0x12c Drivers/STM32F4xx_HAL_Driver/Src/stm32f4xx_hal_spi.o
                0x0000000008002e8c                HAL_SPI_Receive_IT
 .text.HAL_SPI_TransmitReceive_IT
                0x0000000008002fb8      0x128 Drivers/STM32F4xx_HAL_Driver/Src/stm32f4xx_hal_spi.o
                0x0000000008002fb8                HAL_SPI_TransmitReceive_IT
 .text.HAL_SPI_IRQHandler
                0x00000000080030e0      0x200 Drivers/STM32F4xx_HAL_Driver/Src/stm32f4xx_hal_spi.o
                0x00000000080030e0                HAL_SPI_IRQHandler
 .text.HAL_SPI_TxRxCpltCallback
                0x00000000080032e0       0x14 Drivers/STM32F4xx_HAL_Driver/Src/stm32f4xx_hal_spi.o
                0x00000000080032e0                HAL_SPI_TxRxCpltCallback
 .text.HAL_SPI_ErrorCallback
                0x00000000080032f4       0x14 Drivers/STM32F4xx_HAL_Driver/Src/stm32f4xx_hal_spi.o
                0x00000000080032f4                HAL_SPI_ErrorCallback
 .text.SPI_DMAAbortOnError
                0x0000000008003308       0x28 Drivers/STM32F4xx_HAL_Driver/Src/stm32f4xx_hal_spi.o
 .text.SPI_2linesRxISR_8BIT
                0x0000000008003330       0x64 Drivers/STM32F4xx_HAL_Driver/Src/stm32f4xx_hal_spi.o
 .text.SPI_2linesTxISR_8BIT
                0x0000000008003394       0x60 Drivers/STM32F4xx_HAL_Driver/Src/stm32f4xx_hal_spi.o
 .text.SPI_2linesRxISR_16BIT
                0x00000000080033f4       0x60 Drivers/STM32F4xx_HAL_Driver/Src/stm32f4xx_hal_spi.o
 .text.SPI_2linesTxISR_16BIT
                0x0000000008003454       0x5e Drivers/STM32F4xx_HAL_Driver/Src/stm32f4xx_hal_spi.o
 .text.SPI_RxISR_8BIT
                0x00000000080034b2       0x4a Drivers/STM32F4xx_HAL_Driver/Src/stm32f4xx_hal_spi.o
 .text.SPI_RxISR_16BIT
                0x00000000080034fc       0x46 Drivers/STM32F4xx_HAL_Driver/Src/stm32f4xx_hal_spi.o
 .text.SPI_WaitFlagStateUntilTimeout
                0x0000000008003542       0xd4 Drivers/STM32F4xx_HAL_Driver/Src/stm32f4xx_hal_spi.o
 .text.SPI_EndRxTransaction
                0x0000000008003616       0xca Drivers/STM32F4xx_HAL_Driver/Src/stm32f4xx_hal_spi.o
 .text.SPI_EndRxTxTransaction
                0x00000000080036e0       0x84 Drivers/STM32F4xx_HAL_Driver/Src/stm32f4xx_hal_spi.o
 .text.SPI_CloseRxTx_ISR
                0x0000000008003764       0xe8 Drivers/STM32F4xx_HAL_Driver/Src/stm32f4xx_hal_spi.o
 .text.SPI_CloseRx_ISR
                0x000000000800384c       0x7e Drivers/STM32F4xx_HAL_Driver/Src/stm32f4xx_hal_spi.o
 .text.HAL_TIM_Base_Init
                0x00000000080038ca       0x56 Drivers/STM32F4xx_HAL_Driver/Src/stm32f4xx_hal_tim.o
                0x00000000080038ca                HAL_TIM_Base_Init
 .text.HAL_TIM_Base_Start_IT
                0x0000000008003920       0x48 Drivers/STM32F4xx_HAL_Driver/Src/stm32f4xx_hal_tim.o
                0x0000000008003920                HAL_TIM_Base_Start_IT
 .text.HAL_TIM_PWM_Init
                0x0000000008003968       0x56 Drivers/STM32F4xx_HAL_Driver/Src/stm32f4xx_hal_tim.o
                0x0000000008003968                HAL_TIM_PWM_Init
 .text.HAL_TIM_PWM_MspInit
                0x00000000080039be       0x14 Drivers/STM32F4xx_HAL_Driver/Src/stm32f4xx_hal_tim.o
                0x00000000080039be                HAL_TIM_PWM_MspInit
 *fill*         0x00000000080039d2        0x2 
 .text.HAL_TIM_PWM_Start
                0x00000000080039d4       0x7c Drivers/STM32F4xx_HAL_Driver/Src/stm32f4xx_hal_tim.o
                0x00000000080039d4                HAL_TIM_PWM_Start
 .text.HAL_TIM_IRQHandler
                0x0000000008003a50      0x210 Drivers/STM32F4xx_HAL_Driver/Src/stm32f4xx_hal_tim.o
                0x0000000008003a50                HAL_TIM_IRQHandler
 .text.HAL_TIM_PWM_ConfigChannel
                0x0000000008003c60      0x18c Drivers/STM32F4xx_HAL_Driver/Src/stm32f4xx_hal_tim.o
                0x0000000008003c60                HAL_TIM_PWM_ConfigChannel
 .text.HAL_TIM_ConfigClockSource
                0x0000000008003dec      0x16e Drivers/STM32F4xx_HAL_Driver/Src/stm32f4xx_hal_tim.o
                0x0000000008003dec                HAL_TIM_ConfigClockSource
 .text.HAL_TIM_OC_DelayElapsedCallback
                0x0000000008003f5a       0x14 Drivers/STM32F4xx_HAL_Driver/Src/stm32f4xx_hal_tim.o
                0x0000000008003f5a                HAL_TIM_OC_DelayElapsedCallback
 .text.HAL_TIM_IC_CaptureCallback
                0x0000000008003f6e       0x14 Drivers/STM32F4xx_HAL_Driver/Src/stm32f4xx_hal_tim.o
                0x0000000008003f6e                HAL_TIM_IC_CaptureCallback
 .text.HAL_TIM_PWM_PulseFinishedCallback
                0x0000000008003f82       0x14 Drivers/STM32F4xx_HAL_Driver/Src/stm32f4xx_hal_tim.o
                0x0000000008003f82                HAL_TIM_PWM_PulseFinishedCallback
 .text.HAL_TIM_TriggerCallback
                0x0000000008003f96       0x14 Drivers/STM32F4xx_HAL_Driver/Src/stm32f4xx_hal_tim.o
                0x0000000008003f96                HAL_TIM_TriggerCallback
 *fill*         0x0000000008003faa        0x2 
 .text.TIM_Base_SetConfig
                0x0000000008003fac      0x140 Drivers/STM32F4xx_HAL_Driver/Src/stm32f4xx_hal_tim.o
                0x0000000008003fac                TIM_Base_SetConfig
 .text.TIM_OC1_SetConfig
                0x00000000080040ec       0xe0 Drivers/STM32F4xx_HAL_Driver/Src/stm32f4xx_hal_tim.o
 .text.TIM_OC2_SetConfig
                0x00000000080041cc       0xec Drivers/STM32F4xx_HAL_Driver/Src/stm32f4xx_hal_tim.o
                0x00000000080041cc                TIM_OC2_SetConfig
 .text.TIM_OC3_SetConfig
                0x00000000080042b8       0xe8 Drivers/STM32F4xx_HAL_Driver/Src/stm32f4xx_hal_tim.o
 .text.TIM_OC4_SetConfig
                0x00000000080043a0       0xac Drivers/STM32F4xx_HAL_Driver/Src/stm32f4xx_hal_tim.o
 .text.TIM_TI1_ConfigInputStage
                0x000000000800444c       0x5e Drivers/STM32F4xx_HAL_Driver/Src/stm32f4xx_hal_tim.o
 .text.TIM_TI2_ConfigInputStage
                0x00000000080044aa       0x60 Drivers/STM32F4xx_HAL_Driver/Src/stm32f4xx_hal_tim.o
 .text.TIM_ITRx_SetConfig
                0x000000000800450a       0x36 Drivers/STM32F4xx_HAL_Driver/Src/stm32f4xx_hal_tim.o
 .text.TIM_ETR_SetConfig
                0x0000000008004540       0x40 Drivers/STM32F4xx_HAL_Driver/Src/stm32f4xx_hal_tim.o
                0x0000000008004540                TIM_ETR_SetConfig
 .text.TIM_CCxChannelCmd
                0x0000000008004580       0x4a Drivers/STM32F4xx_HAL_Driver/Src/stm32f4xx_hal_tim.o
                0x0000000008004580                TIM_CCxChannelCmd
 *fill*         0x00000000080045ca        0x2 
 .text.HAL_TIMEx_MasterConfigSynchronization
                0x00000000080045cc       0xf8 Drivers/STM32F4xx_HAL_Driver/Src/stm32f4xx_hal_tim_ex.o
                0x00000000080045cc                HAL_TIMEx_MasterConfigSynchronization
 .text.HAL_TIMEx_ConfigBreakDeadTime
                0x00000000080046c4       0xa4 Drivers/STM32F4xx_HAL_Driver/Src/stm32f4xx_hal_tim_ex.o
                0x00000000080046c4                HAL_TIMEx_ConfigBreakDeadTime
 .text.HAL_TIMEx_CommutCallback
                0x0000000008004768       0x14 Drivers/STM32F4xx_HAL_Driver/Src/stm32f4xx_hal_tim_ex.o
                0x0000000008004768                HAL_TIMEx_CommutCallback
 .text.HAL_TIMEx_BreakCallback
                0x000000000800477c       0x14 Drivers/STM32F4xx_HAL_Driver/Src/stm32f4xx_hal_tim_ex.o
                0x000000000800477c                HAL_TIMEx_BreakCallback
 .text.__libc_init_array
                0x0000000008004790       0x48 d:/st/stm32cubeide_1.3.0/stm32cubeide/plugins/com.st.stm32cube.ide.mcu.externaltools.gnu-tools-for-stm32.7-2018-q2-update.win32_1.5.0.202011040924/tools/bin/../lib/gcc/arm-none-eabi/7.3.1/../../../../arm-none-eabi/lib/thumb/v7e-m/fpv4-sp/hard\libc_nano.a(lib_a-init.o)
                0x0000000008004790                __libc_init_array
 .text.memset   0x00000000080047d8       0x10 d:/st/stm32cubeide_1.3.0/stm32cubeide/plugins/com.st.stm32cube.ide.mcu.externaltools.gnu-tools-for-stm32.7-2018-q2-update.win32_1.5.0.202011040924/tools/bin/../lib/gcc/arm-none-eabi/7.3.1/../../../../arm-none-eabi/lib/thumb/v7e-m/fpv4-sp/hard\libc_nano.a(lib_a-memset.o)
                0x00000000080047d8                memset
 *(.glue_7)
 .glue_7        0x00000000080047e8        0x0 linker stubs
 *(.glue_7t)
 .glue_7t       0x00000000080047e8        0x0 linker stubs
 *(.eh_frame)
 .eh_frame      0x00000000080047e8        0x0 d:/st/stm32cubeide_1.3.0/stm32cubeide/plugins/com.st.stm32cube.ide.mcu.externaltools.gnu-tools-for-stm32.7-2018-q2-update.win32_1.5.0.202011040924/tools/bin/../lib/gcc/arm-none-eabi/7.3.1/thumb/v7e-m/fpv4-sp/hard/crtbegin.o
 *(.init)
 .init          0x00000000080047e8        0x4 d:/st/stm32cubeide_1.3.0/stm32cubeide/plugins/com.st.stm32cube.ide.mcu.externaltools.gnu-tools-for-stm32.7-2018-q2-update.win32_1.5.0.202011040924/tools/bin/../lib/gcc/arm-none-eabi/7.3.1/thumb/v7e-m/fpv4-sp/hard/crti.o
                0x00000000080047e8                _init
 .init          0x00000000080047ec        0x8 d:/st/stm32cubeide_1.3.0/stm32cubeide/plugins/com.st.stm32cube.ide.mcu.externaltools.gnu-tools-for-stm32.7-2018-q2-update.win32_1.5.0.202011040924/tools/bin/../lib/gcc/arm-none-eabi/7.3.1/thumb/v7e-m/fpv4-sp/hard/crtn.o
 *(.fini)
 .fini          0x00000000080047f4        0x4 d:/st/stm32cubeide_1.3.0/stm32cubeide/plugins/com.st.stm32cube.ide.mcu.externaltools.gnu-tools-for-stm32.7-2018-q2-update.win32_1.5.0.202011040924/tools/bin/../lib/gcc/arm-none-eabi/7.3.1/thumb/v7e-m/fpv4-sp/hard/crti.o
                0x00000000080047f4                _fini
 .fini          0x00000000080047f8        0x8 d:/st/stm32cubeide_1.3.0/stm32cubeide/plugins/com.st.stm32cube.ide.mcu.externaltools.gnu-tools-for-stm32.7-2018-q2-update.win32_1.5.0.202011040924/tools/bin/../lib/gcc/arm-none-eabi/7.3.1/thumb/v7e-m/fpv4-sp/hard/crtn.o
                0x0000000008004800                . = ALIGN (0x4)
                0x0000000008004800                _etext = .

.vfp11_veneer   0x0000000008004800        0x0
 .vfp11_veneer  0x0000000008004800        0x0 linker stubs

.v4_bx          0x0000000008004800        0x0
 .v4_bx         0x0000000008004800        0x0 linker stubs

.iplt           0x0000000008004800        0x0
 .iplt          0x0000000008004800        0x0 d:/st/stm32cubeide_1.3.0/stm32cubeide/plugins/com.st.stm32cube.ide.mcu.externaltools.gnu-tools-for-stm32.7-2018-q2-update.win32_1.5.0.202011040924/tools/bin/../lib/gcc/arm-none-eabi/7.3.1/thumb/v7e-m/fpv4-sp/hard/crtbegin.o

.rodata         0x0000000008004800       0x10
                0x0000000008004800                . = ALIGN (0x4)
 *(.rodata)
 *(.rodata*)
 .rodata.AHBPrescTable
                0x0000000008004800       0x10 Core/Src/system_stm32f4xx.o
                0x0000000008004800                AHBPrescTable
                0x0000000008004810                . = ALIGN (0x4)

.ARM.extab      0x0000000008004810        0x0
                0x0000000008004810                . = ALIGN (0x4)
 *(.ARM.extab* .gnu.linkonce.armextab.*)
                0x0000000008004810                . = ALIGN (0x4)

.ARM            0x0000000008004810        0x8
                0x0000000008004810                . = ALIGN (0x4)
                0x0000000008004810                __exidx_start = .
 *(.ARM.exidx*)
 .ARM.exidx     0x0000000008004810        0x8 d:/st/stm32cubeide_1.3.0/stm32cubeide/plugins/com.st.stm32cube.ide.mcu.externaltools.gnu-tools-for-stm32.7-2018-q2-update.win32_1.5.0.202011040924/tools/bin/../lib/gcc/arm-none-eabi/7.3.1/thumb/v7e-m/fpv4-sp/hard\libgcc.a(_udivmoddi4.o)
                0x0000000008004818                __exidx_end = .
                0x0000000008004818                . = ALIGN (0x4)

.rel.dyn        0x0000000008004818        0x0
 .rel.iplt      0x0000000008004818        0x0 d:/st/stm32cubeide_1.3.0/stm32cubeide/plugins/com.st.stm32cube.ide.mcu.externaltools.gnu-tools-for-stm32.7-2018-q2-update.win32_1.5.0.202011040924/tools/bin/../lib/gcc/arm-none-eabi/7.3.1/thumb/v7e-m/fpv4-sp/hard/crtbegin.o

.preinit_array  0x0000000008004818        0x0
                0x0000000008004818                . = ALIGN (0x4)
                0x0000000008004818                PROVIDE (__preinit_array_start = .)
 *(.preinit_array*)
                0x0000000008004818                PROVIDE (__preinit_array_end = .)
                0x0000000008004818                . = ALIGN (0x4)

.init_array     0x0000000008004818        0x4
                0x0000000008004818                . = ALIGN (0x4)
                0x0000000008004818                PROVIDE (__init_array_start = .)
 *(SORT_BY_NAME(.init_array.*))
 *(.init_array*)
 .init_array    0x0000000008004818        0x4 d:/st/stm32cubeide_1.3.0/stm32cubeide/plugins/com.st.stm32cube.ide.mcu.externaltools.gnu-tools-for-stm32.7-2018-q2-update.win32_1.5.0.202011040924/tools/bin/../lib/gcc/arm-none-eabi/7.3.1/thumb/v7e-m/fpv4-sp/hard/crtbegin.o
                0x000000000800481c                PROVIDE (__init_array_end = .)
                0x000000000800481c                . = ALIGN (0x4)

.fini_array     0x000000000800481c        0x4
                0x000000000800481c                . = ALIGN (0x4)
                [!provide]                        PROVIDE (__fini_array_start = .)
 *(SORT_BY_NAME(.fini_array.*))
 *(.fini_array*)
 .fini_array    0x000000000800481c        0x4 d:/st/stm32cubeide_1.3.0/stm32cubeide/plugins/com.st.stm32cube.ide.mcu.externaltools.gnu-tools-for-stm32.7-2018-q2-update.win32_1.5.0.202011040924/tools/bin/../lib/gcc/arm-none-eabi/7.3.1/thumb/v7e-m/fpv4-sp/hard/crtbegin.o
                [!provide]                        PROVIDE (__fini_array_end = .)
                0x0000000008004820                . = ALIGN (0x4)
                0x0000000008004820                _sidata = LOADADDR (.data)

.data           0x0000000020000000       0x1c load address 0x0000000008004820
                0x0000000020000000                . = ALIGN (0x4)
                0x0000000020000000                _sdata = .
 *(.data)
 *(.data*)
 .data.isFirstMeasurement
                0x0000000020000000        0x1 Core/Src/encoder.o
                0x0000000020000000                isFirstMeasurement
 *fill*         0x0000000020000001        0x3 
 .data.setpoint
                0x0000000020000004        0x4 Core/Src/main.o
                0x0000000020000004                setpoint
 .data.minAllowedAngle
                0x0000000020000008        0x4 Core/Src/main.o
                0x0000000020000008                minAllowedAngle
 .data.maxAllowedAngle
                0x000000002000000c        0x4 Core/Src/main.o
                0x000000002000000c                maxAllowedAngle
 .data.SystemCoreClock
                0x0000000020000010        0x4 Core/Src/system_stm32f4xx.o
                0x0000000020000010                SystemCoreClock
 .data.uwTickPrio
                0x0000000020000014        0x4 Drivers/STM32F4xx_HAL_Driver/Src/stm32f4xx_hal.o
                0x0000000020000014                uwTickPrio
 .data.uwTickFreq
                0x0000000020000018        0x1 Drivers/STM32F4xx_HAL_Driver/Src/stm32f4xx_hal.o
                0x0000000020000018                uwTickFreq
 *(.RamFunc)
 *(.RamFunc*)
                0x000000002000001c                . = ALIGN (0x4)
 *fill*         0x0000000020000019        0x3 
                0x000000002000001c                _edata = .

.igot.plt       0x000000002000001c        0x0 load address 0x000000000800483c
 .igot.plt      0x000000002000001c        0x0 d:/st/stm32cubeide_1.3.0/stm32cubeide/plugins/com.st.stm32cube.ide.mcu.externaltools.gnu-tools-for-stm32.7-2018-q2-update.win32_1.5.0.202011040924/tools/bin/../lib/gcc/arm-none-eabi/7.3.1/thumb/v7e-m/fpv4-sp/hard/crtbegin.o
                0x000000002000001c                . = ALIGN (0x4)

.bss            0x000000002000001c      0x214 load address 0x000000000800483c
                0x000000002000001c                _sbss = .
                0x000000002000001c                __bss_start__ = _sbss
 *(.bss)
 .bss           0x000000002000001c       0x1c d:/st/stm32cubeide_1.3.0/stm32cubeide/plugins/com.st.stm32cube.ide.mcu.externaltools.gnu-tools-for-stm32.7-2018-q2-update.win32_1.5.0.202011040924/tools/bin/../lib/gcc/arm-none-eabi/7.3.1/thumb/v7e-m/fpv4-sp/hard/crtbegin.o
 *(.bss*)
 .bss.rolloverIndex
                0x0000000020000038        0x1 Core/Src/encoder.o
                0x0000000020000038                rolloverIndex
 *fill*         0x0000000020000039        0x3 
 .bss.errorCount.8892
                0x000000002000003c        0x4 Core/Src/encoder.o
 .bss.aggregate.5380
                0x0000000020000040        0x4 Core/Src/iirFilter.o
 .bss.feedback  0x0000000020000044        0x4 Core/Src/main.o
                0x0000000020000044                feedback
 .bss.filteredFeedback
                0x0000000020000048        0x4 Core/Src/main.o
                0x0000000020000048                filteredFeedback
 .bss.counter2ms
                0x000000002000004c        0x2 Core/Src/main.o
                0x000000002000004c                counter2ms
 *(COMMON)
 *fill*         0x000000002000004e        0x2 
 COMMON         0x0000000020000050        0xc Core/Src/encoder.o
                0x0000000020000050                currentRawPos
                0x0000000020000052                lastRawPos
                0x0000000020000054                sdata
                0x0000000020000058                indexSum
 COMMON         0x000000002000005c      0x19c Core/Src/main.o
                0x000000002000005c                htim10
                0x000000002000009c                mot1
                0x00000000200000ac                htim3
                0x00000000200000ec                hadc1
                0x0000000020000134                hcan2
                0x000000002000015c                htim1
                0x000000002000019c                hspi1
                0x00000000200001f4                pidResult
 COMMON         0x00000000200001f8       0x34 Core/Src/pid.o
                0x00000000200001f8                pidProperties
 COMMON         0x000000002000022c        0x4 Drivers/STM32F4xx_HAL_Driver/Src/stm32f4xx_hal.o
                0x000000002000022c                uwTick
                0x0000000020000230                . = ALIGN (0x4)
                0x0000000020000230                _ebss = .
                0x0000000020000230                __bss_end__ = _ebss

._user_heap_stack
                0x0000000020000230      0x600 load address 0x000000000800483c
                0x0000000020000230                . = ALIGN (0x8)
                [!provide]                        PROVIDE (end = .)
                0x0000000020000230                PROVIDE (_end = .)
                0x0000000020000430                . = (. + _Min_Heap_Size)
 *fill*         0x0000000020000230      0x200 
                0x0000000020000830                . = (. + _Min_Stack_Size)
 *fill*         0x0000000020000430      0x400 
                0x0000000020000830                . = ALIGN (0x8)

/DISCARD/
 libc.a(*)
 libm.a(*)
 libgcc.a(*)

.ARM.attributes
                0x0000000000000000       0x30
 *(.ARM.attributes)
 .ARM.attributes
                0x0000000000000000       0x22 d:/st/stm32cubeide_1.3.0/stm32cubeide/plugins/com.st.stm32cube.ide.mcu.externaltools.gnu-tools-for-stm32.7-2018-q2-update.win32_1.5.0.202011040924/tools/bin/../lib/gcc/arm-none-eabi/7.3.1/thumb/v7e-m/fpv4-sp/hard/crti.o
 .ARM.attributes
                0x0000000000000022       0x34 d:/st/stm32cubeide_1.3.0/stm32cubeide/plugins/com.st.stm32cube.ide.mcu.externaltools.gnu-tools-for-stm32.7-2018-q2-update.win32_1.5.0.202011040924/tools/bin/../lib/gcc/arm-none-eabi/7.3.1/thumb/v7e-m/fpv4-sp/hard/crtbegin.o
 .ARM.attributes
                0x0000000000000056       0x39 Core/Src/encoder.o
 .ARM.attributes
                0x000000000000008f       0x39 Core/Src/iirFilter.o
 .ARM.attributes
                0x00000000000000c8       0x39 Core/Src/main.o
 .ARM.attributes
                0x0000000000000101       0x39 Core/Src/motor.o
 .ARM.attributes
                0x000000000000013a       0x39 Core/Src/pid.o
 .ARM.attributes
                0x0000000000000173       0x39 Core/Src/stm32f4xx_hal_msp.o
 .ARM.attributes
                0x00000000000001ac       0x39 Core/Src/stm32f4xx_it.o
 .ARM.attributes
                0x00000000000001e5       0x39 Core/Src/system_stm32f4xx.o
 .ARM.attributes
                0x000000000000021e       0x21 Core/Startup/startup_stm32f405rgtx.o
 .ARM.attributes
                0x000000000000023f       0x39 Drivers/STM32F4xx_HAL_Driver/Src/stm32f4xx_hal.o
 .ARM.attributes
                0x0000000000000278       0x39 Drivers/STM32F4xx_HAL_Driver/Src/stm32f4xx_hal_adc.o
 .ARM.attributes
                0x00000000000002b1       0x39 Drivers/STM32F4xx_HAL_Driver/Src/stm32f4xx_hal_can.o
 .ARM.attributes
                0x00000000000002ea       0x39 Drivers/STM32F4xx_HAL_Driver/Src/stm32f4xx_hal_cortex.o
 .ARM.attributes
                0x0000000000000323       0x39 Drivers/STM32F4xx_HAL_Driver/Src/stm32f4xx_hal_dma.o
 .ARM.attributes
                0x000000000000035c       0x39 Drivers/STM32F4xx_HAL_Driver/Src/stm32f4xx_hal_gpio.o
 .ARM.attributes
                0x0000000000000395       0x39 Drivers/STM32F4xx_HAL_Driver/Src/stm32f4xx_hal_rcc.o
 .ARM.attributes
                0x00000000000003ce       0x39 Drivers/STM32F4xx_HAL_Driver/Src/stm32f4xx_hal_spi.o
 .ARM.attributes
                0x0000000000000407       0x39 Drivers/STM32F4xx_HAL_Driver/Src/stm32f4xx_hal_tim.o
 .ARM.attributes
                0x0000000000000440       0x39 Drivers/STM32F4xx_HAL_Driver/Src/stm32f4xx_hal_tim_ex.o
 .ARM.attributes
                0x0000000000000479       0x34 d:/st/stm32cubeide_1.3.0/stm32cubeide/plugins/com.st.stm32cube.ide.mcu.externaltools.gnu-tools-for-stm32.7-2018-q2-update.win32_1.5.0.202011040924/tools/bin/../lib/gcc/arm-none-eabi/7.3.1/../../../../arm-none-eabi/lib/thumb/v7e-m/fpv4-sp/hard\libc_nano.a(lib_a-init.o)
 .ARM.attributes
                0x00000000000004ad       0x34 d:/st/stm32cubeide_1.3.0/stm32cubeide/plugins/com.st.stm32cube.ide.mcu.externaltools.gnu-tools-for-stm32.7-2018-q2-update.win32_1.5.0.202011040924/tools/bin/../lib/gcc/arm-none-eabi/7.3.1/../../../../arm-none-eabi/lib/thumb/v7e-m/fpv4-sp/hard\libc_nano.a(lib_a-memset.o)
 .ARM.attributes
                0x00000000000004e1       0x22 d:/st/stm32cubeide_1.3.0/stm32cubeide/plugins/com.st.stm32cube.ide.mcu.externaltools.gnu-tools-for-stm32.7-2018-q2-update.win32_1.5.0.202011040924/tools/bin/../lib/gcc/arm-none-eabi/7.3.1/thumb/v7e-m/fpv4-sp/hard\libgcc.a(_aeabi_uldivmod.o)
 .ARM.attributes
                0x0000000000000503       0x34 d:/st/stm32cubeide_1.3.0/stm32cubeide/plugins/com.st.stm32cube.ide.mcu.externaltools.gnu-tools-for-stm32.7-2018-q2-update.win32_1.5.0.202011040924/tools/bin/../lib/gcc/arm-none-eabi/7.3.1/thumb/v7e-m/fpv4-sp/hard\libgcc.a(_udivmoddi4.o)
 .ARM.attributes
                0x0000000000000537       0x22 d:/st/stm32cubeide_1.3.0/stm32cubeide/plugins/com.st.stm32cube.ide.mcu.externaltools.gnu-tools-for-stm32.7-2018-q2-update.win32_1.5.0.202011040924/tools/bin/../lib/gcc/arm-none-eabi/7.3.1/thumb/v7e-m/fpv4-sp/hard\libgcc.a(_dvmd_tls.o)
 .ARM.attributes
                0x0000000000000559       0x22 d:/st/stm32cubeide_1.3.0/stm32cubeide/plugins/com.st.stm32cube.ide.mcu.externaltools.gnu-tools-for-stm32.7-2018-q2-update.win32_1.5.0.202011040924/tools/bin/../lib/gcc/arm-none-eabi/7.3.1/thumb/v7e-m/fpv4-sp/hard/crtn.o
OUTPUT(enkoder 2021.elf elf32-littlearm)

.debug_info     0x0000000000000000    0x1068c
 .debug_info    0x0000000000000000     0x115e Core/Src/encoder.o
 .debug_info    0x000000000000115e       0x86 Core/Src/iirFilter.o
 .debug_info    0x00000000000011e4     0x2192 Core/Src/main.o
 .debug_info    0x0000000000003376      0x87c Core/Src/motor.o
 .debug_info    0x0000000000003bf2      0xb34 Core/Src/pid.o
 .debug_info    0x0000000000004726     0x1610 Core/Src/stm32f4xx_hal_msp.o
 .debug_info    0x0000000000005d36      0x9a7 Core/Src/stm32f4xx_it.o
 .debug_info    0x00000000000066dd      0x554 Core/Src/system_stm32f4xx.o
 .debug_info    0x0000000000006c31       0x22 Core/Startup/startup_stm32f405rgtx.o
 .debug_info    0x0000000000006c53      0x933 Drivers/STM32F4xx_HAL_Driver/Src/stm32f4xx_hal.o
 .debug_info    0x0000000000007586      0xcee Drivers/STM32F4xx_HAL_Driver/Src/stm32f4xx_hal_adc.o
 .debug_info    0x0000000000008274      0xfa7 Drivers/STM32F4xx_HAL_Driver/Src/stm32f4xx_hal_can.o
 .debug_info    0x000000000000921b      0xe16 Drivers/STM32F4xx_HAL_Driver/Src/stm32f4xx_hal_cortex.o
 .debug_info    0x000000000000a031      0x968 Drivers/STM32F4xx_HAL_Driver/Src/stm32f4xx_hal_dma.o
 .debug_info    0x000000000000a999      0x7b5 Drivers/STM32F4xx_HAL_Driver/Src/stm32f4xx_hal_gpio.o
 .debug_info    0x000000000000b14e      0x904 Drivers/STM32F4xx_HAL_Driver/Src/stm32f4xx_hal_rcc.o
 .debug_info    0x000000000000ba52     0x163a Drivers/STM32F4xx_HAL_Driver/Src/stm32f4xx_hal_spi.o
 .debug_info    0x000000000000d08c     0x24a9 Drivers/STM32F4xx_HAL_Driver/Src/stm32f4xx_hal_tim.o
 .debug_info    0x000000000000f535     0x1157 Drivers/STM32F4xx_HAL_Driver/Src/stm32f4xx_hal_tim_ex.o

.debug_abbrev   0x0000000000000000     0x242f
 .debug_abbrev  0x0000000000000000      0x29b Core/Src/encoder.o
 .debug_abbrev  0x000000000000029b       0x5c Core/Src/iirFilter.o
 .debug_abbrev  0x00000000000002f7      0x316 Core/Src/main.o
 .debug_abbrev  0x000000000000060d      0x1b5 Core/Src/motor.o
 .debug_abbrev  0x00000000000007c2      0x216 Core/Src/pid.o
 .debug_abbrev  0x00000000000009d8      0x209 Core/Src/stm32f4xx_hal_msp.o
 .debug_abbrev  0x0000000000000be1      0x169 Core/Src/stm32f4xx_it.o
 .debug_abbrev  0x0000000000000d4a      0x12b Core/Src/system_stm32f4xx.o
 .debug_abbrev  0x0000000000000e75       0x12 Core/Startup/startup_stm32f405rgtx.o
 .debug_abbrev  0x0000000000000e87      0x1c7 Drivers/STM32F4xx_HAL_Driver/Src/stm32f4xx_hal.o
 .debug_abbrev  0x000000000000104e      0x205 Drivers/STM32F4xx_HAL_Driver/Src/stm32f4xx_hal_adc.o
 .debug_abbrev  0x0000000000001253      0x21d Drivers/STM32F4xx_HAL_Driver/Src/stm32f4xx_hal_can.o
 .debug_abbrev  0x0000000000001470      0x2fa Drivers/STM32F4xx_HAL_Driver/Src/stm32f4xx_hal_cortex.o
 .debug_abbrev  0x000000000000176a      0x229 Drivers/STM32F4xx_HAL_Driver/Src/stm32f4xx_hal_dma.o
 .debug_abbrev  0x0000000000001993      0x1c9 Drivers/STM32F4xx_HAL_Driver/Src/stm32f4xx_hal_gpio.o
 .debug_abbrev  0x0000000000001b5c      0x245 Drivers/STM32F4xx_HAL_Driver/Src/stm32f4xx_hal_rcc.o
 .debug_abbrev  0x0000000000001da1      0x240 Drivers/STM32F4xx_HAL_Driver/Src/stm32f4xx_hal_spi.o
 .debug_abbrev  0x0000000000001fe1      0x230 Drivers/STM32F4xx_HAL_Driver/Src/stm32f4xx_hal_tim.o
 .debug_abbrev  0x0000000000002211      0x21e Drivers/STM32F4xx_HAL_Driver/Src/stm32f4xx_hal_tim_ex.o

.debug_aranges  0x0000000000000000      0xef0
 .debug_aranges
                0x0000000000000000       0x50 Core/Src/encoder.o
 .debug_aranges
                0x0000000000000050       0x20 Core/Src/iirFilter.o
 .debug_aranges
                0x0000000000000070       0x88 Core/Src/main.o
 .debug_aranges
                0x00000000000000f8       0x38 Core/Src/motor.o
 .debug_aranges
                0x0000000000000130       0x30 Core/Src/pid.o
 .debug_aranges
                0x0000000000000160       0x68 Core/Src/stm32f4xx_hal_msp.o
 .debug_aranges
                0x00000000000001c8       0x78 Core/Src/stm32f4xx_it.o
 .debug_aranges
                0x0000000000000240       0x28 Core/Src/system_stm32f4xx.o
 .debug_aranges
                0x0000000000000268       0x28 Core/Startup/startup_stm32f405rgtx.o
 .debug_aranges
                0x0000000000000290       0xf0 Drivers/STM32F4xx_HAL_Driver/Src/stm32f4xx_hal.o
 .debug_aranges
                0x0000000000000380       0xe8 Drivers/STM32F4xx_HAL_Driver/Src/stm32f4xx_hal_adc.o
 .debug_aranges
                0x0000000000000468      0x138 Drivers/STM32F4xx_HAL_Driver/Src/stm32f4xx_hal_can.o
 .debug_aranges
                0x00000000000005a0      0x118 Drivers/STM32F4xx_HAL_Driver/Src/stm32f4xx_hal_cortex.o
 .debug_aranges
                0x00000000000006b8       0x90 Drivers/STM32F4xx_HAL_Driver/Src/stm32f4xx_hal_dma.o
 .debug_aranges
                0x0000000000000748       0x58 Drivers/STM32F4xx_HAL_Driver/Src/stm32f4xx_hal_gpio.o
 .debug_aranges
                0x00000000000007a0       0x88 Drivers/STM32F4xx_HAL_Driver/Src/stm32f4xx_hal_rcc.o
 .debug_aranges
                0x0000000000000828      0x1d0 Drivers/STM32F4xx_HAL_Driver/Src/stm32f4xx_hal_spi.o
 .debug_aranges
                0x00000000000009f8      0x3a8 Drivers/STM32F4xx_HAL_Driver/Src/stm32f4xx_hal_tim.o
 .debug_aranges
                0x0000000000000da0      0x150 Drivers/STM32F4xx_HAL_Driver/Src/stm32f4xx_hal_tim_ex.o

.debug_ranges   0x0000000000000000      0xdc8
 .debug_ranges  0x0000000000000000       0x40 Core/Src/encoder.o
 .debug_ranges  0x0000000000000040       0x10 Core/Src/iirFilter.o
 .debug_ranges  0x0000000000000050       0x78 Core/Src/main.o
 .debug_ranges  0x00000000000000c8       0x28 Core/Src/motor.o
 .debug_ranges  0x00000000000000f0       0x20 Core/Src/pid.o
 .debug_ranges  0x0000000000000110       0x58 Core/Src/stm32f4xx_hal_msp.o
 .debug_ranges  0x0000000000000168       0x68 Core/Src/stm32f4xx_it.o
 .debug_ranges  0x00000000000001d0       0x18 Core/Src/system_stm32f4xx.o
 .debug_ranges  0x00000000000001e8       0x20 Core/Startup/startup_stm32f405rgtx.o
 .debug_ranges  0x0000000000000208       0xe0 Drivers/STM32F4xx_HAL_Driver/Src/stm32f4xx_hal.o
 .debug_ranges  0x00000000000002e8       0xd8 Drivers/STM32F4xx_HAL_Driver/Src/stm32f4xx_hal_adc.o
 .debug_ranges  0x00000000000003c0      0x128 Drivers/STM32F4xx_HAL_Driver/Src/stm32f4xx_hal_can.o
 .debug_ranges  0x00000000000004e8      0x108 Drivers/STM32F4xx_HAL_Driver/Src/stm32f4xx_hal_cortex.o
 .debug_ranges  0x00000000000005f0       0x80 Drivers/STM32F4xx_HAL_Driver/Src/stm32f4xx_hal_dma.o
 .debug_ranges  0x0000000000000670       0x48 Drivers/STM32F4xx_HAL_Driver/Src/stm32f4xx_hal_gpio.o
 .debug_ranges  0x00000000000006b8       0x78 Drivers/STM32F4xx_HAL_Driver/Src/stm32f4xx_hal_rcc.o
 .debug_ranges  0x0000000000000730      0x1c0 Drivers/STM32F4xx_HAL_Driver/Src/stm32f4xx_hal_spi.o
 .debug_ranges  0x00000000000008f0      0x398 Drivers/STM32F4xx_HAL_Driver/Src/stm32f4xx_hal_tim.o
 .debug_ranges  0x0000000000000c88      0x140 Drivers/STM32F4xx_HAL_Driver/Src/stm32f4xx_hal_tim_ex.o

.debug_macro    0x0000000000000000    0x20572
 .debug_macro   0x0000000000000000      0x2b6 Core/Src/encoder.o
 .debug_macro   0x00000000000002b6      0xa5a Core/Src/encoder.o
 .debug_macro   0x0000000000000d10      0x2a0 Core/Src/encoder.o
 .debug_macro   0x0000000000000fb0       0x2e Core/Src/encoder.o
 .debug_macro   0x0000000000000fde       0x2f Core/Src/encoder.o
 .debug_macro   0x000000000000100d       0x22 Core/Src/encoder.o
 .debug_macro   0x000000000000102f       0x8e Core/Src/encoder.o
 .debug_macro   0x00000000000010bd       0x51 Core/Src/encoder.o
 .debug_macro   0x000000000000110e       0xef Core/Src/encoder.o
 .debug_macro   0x00000000000011fd       0x6a Core/Src/encoder.o
 .debug_macro   0x0000000000001267      0x1df Core/Src/encoder.o
 .debug_macro   0x0000000000001446       0x1c Core/Src/encoder.o
 .debug_macro   0x0000000000001462       0x22 Core/Src/encoder.o
 .debug_macro   0x0000000000001484       0xdf Core/Src/encoder.o
 .debug_macro   0x0000000000001563     0x102d Core/Src/encoder.o
 .debug_macro   0x0000000000002590      0x11f Core/Src/encoder.o
 .debug_macro   0x00000000000026af    0x14251 Core/Src/encoder.o
 .debug_macro   0x0000000000016900       0x43 Core/Src/encoder.o
 .debug_macro   0x0000000000016943     0x3659 Core/Src/encoder.o
 .debug_macro   0x0000000000019f9c      0x174 Core/Src/encoder.o
 .debug_macro   0x000000000001a110       0x5a Core/Src/encoder.o
 .debug_macro   0x000000000001a16a      0x8a7 Core/Src/encoder.o
 .debug_macro   0x000000000001aa11      0x9fe Core/Src/encoder.o
 .debug_macro   0x000000000001b40f      0x117 Core/Src/encoder.o
 .debug_macro   0x000000000001b526      0x130 Core/Src/encoder.o
 .debug_macro   0x000000000001b656       0x27 Core/Src/encoder.o
 .debug_macro   0x000000000001b67d      0x174 Core/Src/encoder.o
 .debug_macro   0x000000000001b7f1      0x287 Core/Src/encoder.o
 .debug_macro   0x000000000001ba78       0x5f Core/Src/encoder.o
 .debug_macro   0x000000000001bad7      0x236 Core/Src/encoder.o
 .debug_macro   0x000000000001bd0d      0x391 Core/Src/encoder.o
 .debug_macro   0x000000000001c09e      0x176 Core/Src/encoder.o
 .debug_macro   0x000000000001c214       0xf9 Core/Src/encoder.o
 .debug_macro   0x000000000001c30d      0x40f Core/Src/encoder.o
 .debug_macro   0x000000000001c71c      0x12c Core/Src/encoder.o
 .debug_macro   0x000000000001c848      0x21e Core/Src/encoder.o
 .debug_macro   0x000000000001ca66       0x2e Core/Src/encoder.o
 .debug_macro   0x000000000001ca94      0x11a Core/Src/encoder.o
 .debug_macro   0x000000000001cbae       0x7e Core/Src/encoder.o
 .debug_macro   0x000000000001cc2c       0x89 Core/Src/encoder.o
 .debug_macro   0x000000000001ccb5      0x225 Core/Src/encoder.o
 .debug_macro   0x000000000001ceda      0x8a0 Core/Src/encoder.o
 .debug_macro   0x000000000001d77a       0x47 Core/Src/encoder.o
 .debug_macro   0x000000000001d7c1      0x12d Core/Src/encoder.o
 .debug_macro   0x000000000001d8ee       0x64 Core/Src/encoder.o
 .debug_macro   0x000000000001d952       0x22 Core/Src/encoder.o
 .debug_macro   0x000000000001d974       0x46 Core/Src/encoder.o
 .debug_macro   0x000000000001d9ba       0x18 Core/Src/encoder.o
 .debug_macro   0x000000000001d9d2       0x3c Core/Src/encoder.o
 .debug_macro   0x000000000001da0e       0x34 Core/Src/encoder.o
 .debug_macro   0x000000000001da42       0x52 Core/Src/encoder.o
 .debug_macro   0x000000000001da94       0x1f Core/Src/encoder.o
 .debug_macro   0x000000000001dab3       0x43 Core/Src/encoder.o
 .debug_macro   0x000000000001daf6       0x20 Core/Src/encoder.o
 .debug_macro   0x000000000001db16      0x1a3 Core/Src/encoder.o
 .debug_macro   0x000000000001dcb9      0x32a Core/Src/encoder.o
 .debug_macro   0x000000000001dfe3      0x1e1 Core/Src/encoder.o
 .debug_macro   0x000000000001e1c4       0x10 Core/Src/encoder.o
 .debug_macro   0x000000000001e1d4       0x15 Core/Src/iirFilter.o
 .debug_macro   0x000000000001e1e9      0x2e3 Core/Src/main.o
 .debug_macro   0x000000000001e4cc       0x16 Core/Src/main.o
 .debug_macro   0x000000000001e4e2      0x209 Core/Src/motor.o
 .debug_macro   0x000000000001e6eb      0x113 Core/Src/pid.o
 .debug_macro   0x000000000001e7fe      0x330 Core/Src/pid.o
 .debug_macro   0x000000000001eb2e      0x200 Core/Src/stm32f4xx_hal_msp.o
 .debug_macro   0x000000000001ed2e      0x20a Core/Src/stm32f4xx_it.o
 .debug_macro   0x000000000001ef38      0x1f7 Core/Src/system_stm32f4xx.o
 .debug_macro   0x000000000001f12f      0x251 Drivers/STM32F4xx_HAL_Driver/Src/stm32f4xx_hal.o
 .debug_macro   0x000000000001f380      0x1f2 Drivers/STM32F4xx_HAL_Driver/Src/stm32f4xx_hal_adc.o
 .debug_macro   0x000000000001f572      0x1f9 Drivers/STM32F4xx_HAL_Driver/Src/stm32f4xx_hal_can.o
 .debug_macro   0x000000000001f76b      0x1f1 Drivers/STM32F4xx_HAL_Driver/Src/stm32f4xx_hal_cortex.o
 .debug_macro   0x000000000001f95c      0x1f7 Drivers/STM32F4xx_HAL_Driver/Src/stm32f4xx_hal_dma.o
 .debug_macro   0x000000000001fb53      0x227 Drivers/STM32F4xx_HAL_Driver/Src/stm32f4xx_hal_gpio.o
 .debug_macro   0x000000000001fd7a      0x215 Drivers/STM32F4xx_HAL_Driver/Src/stm32f4xx_hal_rcc.o
 .debug_macro   0x000000000001ff8f      0x200 Drivers/STM32F4xx_HAL_Driver/Src/stm32f4xx_hal_spi.o
 .debug_macro   0x000000000002018f      0x1f2 Drivers/STM32F4xx_HAL_Driver/Src/stm32f4xx_hal_tim.o
 .debug_macro   0x0000000000020381      0x1f1 Drivers/STM32F4xx_HAL_Driver/Src/stm32f4xx_hal_tim_ex.o

.debug_line     0x0000000000000000     0xb5e6
 .debug_line    0x0000000000000000      0x8de Core/Src/encoder.o
 .debug_line    0x00000000000008de       0x73 Core/Src/iirFilter.o
 .debug_line    0x0000000000000951      0xa36 Core/Src/main.o
 .debug_line    0x0000000000001387      0x767 Core/Src/motor.o
 .debug_line    0x0000000000001aee      0x568 Core/Src/pid.o
 .debug_line    0x0000000000002056      0x7fd Core/Src/stm32f4xx_hal_msp.o
 .debug_line    0x0000000000002853      0x7e7 Core/Src/stm32f4xx_it.o
 .debug_line    0x000000000000303a      0x723 Core/Src/system_stm32f4xx.o
 .debug_line    0x000000000000375d       0x85 Core/Startup/startup_stm32f405rgtx.o
 .debug_line    0x00000000000037e2      0x90d Drivers/STM32F4xx_HAL_Driver/Src/stm32f4xx_hal.o
 .debug_line    0x00000000000040ef      0xb72 Drivers/STM32F4xx_HAL_Driver/Src/stm32f4xx_hal_adc.o
 .debug_line    0x0000000000004c61      0xbb6 Drivers/STM32F4xx_HAL_Driver/Src/stm32f4xx_hal_can.o
 .debug_line    0x0000000000005817      0xa31 Drivers/STM32F4xx_HAL_Driver/Src/stm32f4xx_hal_cortex.o
 .debug_line    0x0000000000006248      0x9db Drivers/STM32F4xx_HAL_Driver/Src/stm32f4xx_hal_dma.o
 .debug_line    0x0000000000006c23      0x8ec Drivers/STM32F4xx_HAL_Driver/Src/stm32f4xx_hal_gpio.o
 .debug_line    0x000000000000750f      0x965 Drivers/STM32F4xx_HAL_Driver/Src/stm32f4xx_hal_rcc.o
 .debug_line    0x0000000000007e74     0x10c9 Drivers/STM32F4xx_HAL_Driver/Src/stm32f4xx_hal_spi.o
 .debug_line    0x0000000000008f3d     0x1986 Drivers/STM32F4xx_HAL_Driver/Src/stm32f4xx_hal_tim.o
 .debug_line    0x000000000000a8c3      0xd23 Drivers/STM32F4xx_HAL_Driver/Src/stm32f4xx_hal_tim_ex.o

.debug_str      0x0000000000000000    0xc5695
 .debug_str     0x0000000000000000    0xc1292 Core/Src/encoder.o
                                      0xc1652 (size before relaxing)
 .debug_str     0x00000000000c1292       0x31 Core/Src/iirFilter.o
                                       0x2d05 (size before relaxing)
 .debug_str     0x00000000000c12c3      0xcbd Core/Src/main.o
                                      0xc22d8 (size before relaxing)
 .debug_str     0x00000000000c1f80       0x61 Core/Src/motor.o
                                      0xbdde6 (size before relaxing)
 .debug_str     0x00000000000c1fe1       0xc2 Core/Src/pid.o
                                       0x78d1 (size before relaxing)
 .debug_str     0x00000000000c20a3      0x596 Core/Src/stm32f4xx_hal_msp.o
                                      0xbe943 (size before relaxing)
 .debug_str     0x00000000000c2639       0xf6 Core/Src/stm32f4xx_it.o
                                      0xbdf92 (size before relaxing)
 .debug_str     0x00000000000c272f       0xc4 Core/Src/system_stm32f4xx.o
                                      0xbd8ab (size before relaxing)
 .debug_str     0x00000000000c27f3       0x36 Core/Startup/startup_stm32f405rgtx.o
                                         0x5d (size before relaxing)
 .debug_str     0x00000000000c2829      0x58d Drivers/STM32F4xx_HAL_Driver/Src/stm32f4xx_hal.o
                                      0xbe357 (size before relaxing)
 .debug_str     0x00000000000c2db6      0x29d Drivers/STM32F4xx_HAL_Driver/Src/stm32f4xx_hal_adc.o
                                      0xbde42 (size before relaxing)
 .debug_str     0x00000000000c3053      0x56e Drivers/STM32F4xx_HAL_Driver/Src/stm32f4xx_hal_can.o
                                      0xbdfa2 (size before relaxing)
 .debug_str     0x00000000000c35c1      0x392 Drivers/STM32F4xx_HAL_Driver/Src/stm32f4xx_hal_cortex.o
                                      0xbe146 (size before relaxing)
 .debug_str     0x00000000000c3953      0x315 Drivers/STM32F4xx_HAL_Driver/Src/stm32f4xx_hal_dma.o
                                      0xbdcc0 (size before relaxing)
 .debug_str     0x00000000000c3c68      0x20c Drivers/STM32F4xx_HAL_Driver/Src/stm32f4xx_hal_gpio.o
                                      0xbdaea (size before relaxing)
 .debug_str     0x00000000000c3e74      0x259 Drivers/STM32F4xx_HAL_Driver/Src/stm32f4xx_hal_rcc.o
                                      0xbdc98 (size before relaxing)
 .debug_str     0x00000000000c40cd      0x533 Drivers/STM32F4xx_HAL_Driver/Src/stm32f4xx_hal_spi.o
                                      0xbe119 (size before relaxing)
 .debug_str     0x00000000000c4600      0xc87 Drivers/STM32F4xx_HAL_Driver/Src/stm32f4xx_hal_tim.o
                                      0xbe9b7 (size before relaxing)
 .debug_str     0x00000000000c5287      0x40e Drivers/STM32F4xx_HAL_Driver/Src/stm32f4xx_hal_tim_ex.o
                                      0xbe1b7 (size before relaxing)

.comment        0x0000000000000000       0x7b
 .comment       0x0000000000000000       0x7b Core/Src/encoder.o
                                         0x7c (size before relaxing)
 .comment       0x000000000000007b       0x7c Core/Src/iirFilter.o
 .comment       0x000000000000007b       0x7c Core/Src/main.o
 .comment       0x000000000000007b       0x7c Core/Src/motor.o
 .comment       0x000000000000007b       0x7c Core/Src/pid.o
 .comment       0x000000000000007b       0x7c Core/Src/stm32f4xx_hal_msp.o
 .comment       0x000000000000007b       0x7c Core/Src/stm32f4xx_it.o
 .comment       0x000000000000007b       0x7c Core/Src/system_stm32f4xx.o
 .comment       0x000000000000007b       0x7c Drivers/STM32F4xx_HAL_Driver/Src/stm32f4xx_hal.o
 .comment       0x000000000000007b       0x7c Drivers/STM32F4xx_HAL_Driver/Src/stm32f4xx_hal_adc.o
 .comment       0x000000000000007b       0x7c Drivers/STM32F4xx_HAL_Driver/Src/stm32f4xx_hal_can.o
 .comment       0x000000000000007b       0x7c Drivers/STM32F4xx_HAL_Driver/Src/stm32f4xx_hal_cortex.o
 .comment       0x000000000000007b       0x7c Drivers/STM32F4xx_HAL_Driver/Src/stm32f4xx_hal_dma.o
 .comment       0x000000000000007b       0x7c Drivers/STM32F4xx_HAL_Driver/Src/stm32f4xx_hal_gpio.o
 .comment       0x000000000000007b       0x7c Drivers/STM32F4xx_HAL_Driver/Src/stm32f4xx_hal_rcc.o
 .comment       0x000000000000007b       0x7c Drivers/STM32F4xx_HAL_Driver/Src/stm32f4xx_hal_spi.o
 .comment       0x000000000000007b       0x7c Drivers/STM32F4xx_HAL_Driver/Src/stm32f4xx_hal_tim.o
 .comment       0x000000000000007b       0x7c Drivers/STM32F4xx_HAL_Driver/Src/stm32f4xx_hal_tim_ex.o

.debug_frame    0x0000000000000000     0x3e10
 .debug_frame   0x0000000000000000      0x104 Core/Src/encoder.o
 .debug_frame   0x0000000000000104       0x38 Core/Src/iirFilter.o
 .debug_frame   0x000000000000013c      0x1dc Core/Src/main.o
 .debug_frame   0x0000000000000318       0x98 Core/Src/motor.o
 .debug_frame   0x00000000000003b0       0x80 Core/Src/pid.o
 .debug_frame   0x0000000000000430      0x17c Core/Src/stm32f4xx_hal_msp.o
 .debug_frame   0x00000000000005ac      0x158 Core/Src/stm32f4xx_it.o
 .debug_frame   0x0000000000000704       0x58 Core/Src/system_stm32f4xx.o
 .debug_frame   0x000000000000075c      0x374 Drivers/STM32F4xx_HAL_Driver/Src/stm32f4xx_hal.o
 .debug_frame   0x0000000000000ad0      0x3fc Drivers/STM32F4xx_HAL_Driver/Src/stm32f4xx_hal_adc.o
 .debug_frame   0x0000000000000ecc      0x5a0 Drivers/STM32F4xx_HAL_Driver/Src/stm32f4xx_hal_can.o
 .debug_frame   0x000000000000146c      0x498 Drivers/STM32F4xx_HAL_Driver/Src/stm32f4xx_hal_cortex.o
 .debug_frame   0x0000000000001904      0x250 Drivers/STM32F4xx_HAL_Driver/Src/stm32f4xx_hal_dma.o
 .debug_frame   0x0000000000001b54      0x14c Drivers/STM32F4xx_HAL_Driver/Src/stm32f4xx_hal_gpio.o
 .debug_frame   0x0000000000001ca0      0x1f0 Drivers/STM32F4xx_HAL_Driver/Src/stm32f4xx_hal_rcc.o
 .debug_frame   0x0000000000001e90      0x824 Drivers/STM32F4xx_HAL_Driver/Src/stm32f4xx_hal_spi.o
 .debug_frame   0x00000000000026b4     0x10f0 Drivers/STM32F4xx_HAL_Driver/Src/stm32f4xx_hal_tim.o
 .debug_frame   0x00000000000037a4      0x5c0 Drivers/STM32F4xx_HAL_Driver/Src/stm32f4xx_hal_tim_ex.o
 .debug_frame   0x0000000000003d64       0x2c d:/st/stm32cubeide_1.3.0/stm32cubeide/plugins/com.st.stm32cube.ide.mcu.externaltools.gnu-tools-for-stm32.7-2018-q2-update.win32_1.5.0.202011040924/tools/bin/../lib/gcc/arm-none-eabi/7.3.1/../../../../arm-none-eabi/lib/thumb/v7e-m/fpv4-sp/hard\libc_nano.a(lib_a-init.o)
 .debug_frame   0x0000000000003d90       0x20 d:/st/stm32cubeide_1.3.0/stm32cubeide/plugins/com.st.stm32cube.ide.mcu.externaltools.gnu-tools-for-stm32.7-2018-q2-update.win32_1.5.0.202011040924/tools/bin/../lib/gcc/arm-none-eabi/7.3.1/../../../../arm-none-eabi/lib/thumb/v7e-m/fpv4-sp/hard\libc_nano.a(lib_a-memset.o)
 .debug_frame   0x0000000000003db0       0x2c d:/st/stm32cubeide_1.3.0/stm32cubeide/plugins/com.st.stm32cube.ide.mcu.externaltools.gnu-tools-for-stm32.7-2018-q2-update.win32_1.5.0.202011040924/tools/bin/../lib/gcc/arm-none-eabi/7.3.1/thumb/v7e-m/fpv4-sp/hard\libgcc.a(_aeabi_uldivmod.o)
 .debug_frame   0x0000000000003ddc       0x34 d:/st/stm32cubeide_1.3.0/stm32cubeide/plugins/com.st.stm32cube.ide.mcu.externaltools.gnu-tools-for-stm32.7-2018-q2-update.win32_1.5.0.202011040924/tools/bin/../lib/gcc/arm-none-eabi/7.3.1/thumb/v7e-m/fpv4-sp/hard\libgcc.a(_udivmoddi4.o)
